// Jest Snapshot v1, https://goo.gl/fbAQLP

exports[`Menu renders correctly 1`] = `
<ul
  className="sc-eCImvq kJNpxb"
>
  <a
    className="sc-jRQAMF gvMAgo"
    href="/"
  >
    <li>
      <h3
        className="sc-hKwCoD NiySg"
      >
        <p
          className="sc-bdvvaa eMTeRp"
        >
          Top
        </p>
      </h3>
    </li>
  </a>
  <a
    className="sc-jRQAMF gvMAgo"
    href="/about"
  >
    <li>
      <h3
        className="sc-hKwCoD NiySg"
      >
        <p
          className="sc-bdvvaa eMTeRp"
        >
          About
        </p>
      </h3>
    </li>
  </a>
  <a
    className="sc-jRQAMF gvMAgo"
    href="/work"
  >
    <li>
      <h3
        className="sc-hKwCoD NiySg"
      >
        <p
          className="sc-bdvvaa eMTeRp"
        >
          Work
        </p>
      </h3>
    </li>
  </a>
  <a
    className="sc-jRQAMF gvMAgo"
    href="/links"
  >
    <li>
      <h3
        className="sc-hKwCoD NiySg"
      >
        <p
          className="sc-bdvvaa eMTeRp"
        >
          Links
        </p>
      </h3>
    </li>
  </a>
</ul>
`;
